Run e5d68eb3: 1.0/s for 1260s, seed 3856043699
  orders                   1,260
  Lambda invocations       5,922   month to date     91,096   cap 500,000
  SQS requests             3,192
  DSQL DPU                 315.0   month to date    6,478.6   cap 50,000
  log volume                 7.4 MB
  queue consumer      enabled

Sending...
{
  "run_id": "e5d68eb3",
  "date": "2026-09-27T08:27:00+00:00",
  "commit": "06d3c65",
  "rate": 1.0,
  "duration": 1260,
  "seed": 3856043699,
  "projected": {
    "orders": 1260,
    "lambda_invocations": 5922.0,
    "sqs_requests": 3192.0,
    "dsql_dpu": 315.0,
    "log_mb": 7.38234
  },
  "sent": 1260,
  "dropped_by_generator": 0,
  "outcomes": {
    "201": 1260
  },
  "elapsed_seconds": 1259.4,
  "achieved_rate": 1.0,
  "checkout_latency_ms": {
    "p50": 369.4,
    "p95": 447.1,
    "p99": 977.8
  }
}
