Run 00e1cd91: 3.0/s for 300s, seed 14798225
  orders                     900
  Lambda invocations       4,230   month to date    126,453   cap 500,000
  SQS requests             2,080
  DSQL DPU                 225.0   month to date    8,224.5   cap 50,000
  log volume                 5.3 MB
  queue consumer      enabled

Sending...
{
  "run_id": "00e1cd91",
  "date": "2026-09-30T17:44:42+00:00",
  "commit": "5641bb7",
  "rate": 3.0,
  "duration": 300,
  "seed": 14798225,
  "projected": {
    "orders": 900,
    "lambda_invocations": 4230.0,
    "sqs_requests": 2080.0,
    "dsql_dpu": 225.0,
    "log_mb": 5.2731
  },
  "sent": 900,
  "stopped_early": false,
  "dropped_by_generator": 0,
  "outcomes": {
    "201": 900
  },
  "elapsed_seconds": 300.1,
  "achieved_rate": 2.999,
  "checkout_latency_ms": {
    "p50": 399.7,
    "p95": 473.0,
    "p99": 642.4
  }
}
