Run c1146aa9: 1.0/s for 1800s, seed 3239340713
  orders                   1,800
  Lambda invocations       8,460   month to date     47,152   cap 500,000
  SQS requests             4,560
  DSQL DPU                 450.0   month to date    2,433.1   cap 50,000
  log volume                10.5 MB
  queue consumer      enabled

Sending...
{
  "run_id": "c1146aa9",
  "date": "2026-10-02T19:16:59+00:00",
  "commit": "5085754",
  "rate": 1.0,
  "duration": 1800,
  "seed": 3239340713,
  "projected": {
    "orders": 1800,
    "lambda_invocations": 8460.0,
    "sqs_requests": 4560.0,
    "dsql_dpu": 450.0,
    "log_mb": 10.5462
  },
  "sent": 925,
  "stopped_early": true,
  "dropped_by_generator": 0,
  "outcomes": {
    "201": 925
  },
  "elapsed_seconds": 924.4,
  "achieved_rate": 1.001,
  "checkout_latency_ms": {
    "p50": 395.5,
    "p95": 520.5,
    "p99": 812.3
  }
}
