Run a804b911: 1.0/s for 1260s, seed 2818881809
  orders                   1,260
  Lambda invocations       5,922   month to date     13,619   cap 500,000
  SQS requests             3,192
  DSQL DPU                 315.0   month to date      675.9   cap 50,000
  log volume                 7.4 MB
  queue consumer      enabled

Sending...
{
  "run_id": "a804b911",
  "date": "2026-10-01T12:26:52+00:00",
  "commit": "5641bb7",
  "rate": 1.0,
  "duration": 1260,
  "seed": 2818881809,
  "projected": {
    "orders": 1260,
    "lambda_invocations": 5922.0,
    "sqs_requests": 3192.0,
    "dsql_dpu": 315.0,
    "log_mb": 7.38234
  },
  "sent": 309,
  "stopped_early": true,
  "dropped_by_generator": 0,
  "outcomes": {
    "201": 181,
    "500": 127,
    "lambda_throttled": 1
  },
  "elapsed_seconds": 309.0,
  "achieved_rate": 1.0,
  "checkout_latency_ms": {
    "p50": 385.9,
    "p95": 508.6,
    "p99": 4408.0
  }
}
