Run 1dfcd4bf: 1.0/s for 1260s, seed 503108799
  orders                   1,260
  Lambda invocations       5,922   month to date      1,365   cap 500,000
  SQS requests             3,192
  DSQL DPU                 315.0   month to date       73.3   cap 50,000
  log volume                 7.4 MB
  queue consumer      enabled

Sending...
{
  "run_id": "1dfcd4bf",
  "date": "2026-10-01T01:50:13+00:00",
  "commit": "5641bb7",
  "rate": 1.0,
  "duration": 1260,
  "seed": 503108799,
  "projected": {
    "orders": 1260,
    "lambda_invocations": 5922.0,
    "sqs_requests": 3192.0,
    "dsql_dpu": 315.0,
    "log_mb": 7.38234
  },
  "sent": 302,
  "stopped_early": true,
  "dropped_by_generator": 0,
  "outcomes": {
    "201": 301,
    "lambda_throttled": 1
  },
  "elapsed_seconds": 301.4,
  "achieved_rate": 1.002,
  "checkout_latency_ms": {
    "p50": 330.9,
    "p95": 379.3,
    "p99": 2829.8
  }
}
