Run 32c5f2e5: 1.0/s for 1260s, seed 851833573
  orders                   1,260
  Lambda invocations       5,922   month to date    123,193   cap 500,000
  SQS requests             3,192
  DSQL DPU                 315.0   month to date    8,050.1   cap 50,000
  log volume                 7.4 MB
  queue consumer      enabled

Sending...
{
  "run_id": "32c5f2e5",
  "date": "2026-09-30T15:44:07+00:00",
  "commit": "5641bb7",
  "rate": 1.0,
  "duration": 1260,
  "seed": 851833573,
  "projected": {
    "orders": 1260,
    "lambda_invocations": 5922.0,
    "sqs_requests": 3192.0,
    "dsql_dpu": 315.0,
    "log_mb": 7.38234
  },
  "sent": 287,
  "stopped_early": true,
  "dropped_by_generator": 0,
  "outcomes": {
    "201": 286,
    "lambda_throttled": 1
  },
  "elapsed_seconds": 286.5,
  "achieved_rate": 1.002,
  "checkout_latency_ms": {
    "p50": 392.8,
    "p95": 471.3,
    "p99": 4225.4
  }
}
