Run a2c51f41: 1.0/s for 1560s, seed 2730827585
  orders                   1,560
  Lambda invocations       7,332   month to date    131,943   cap 500,000
  SQS requests             3,952
  DSQL DPU                 390.0   month to date    8,508.1   cap 50,000
  log volume                 9.1 MB
  queue consumer      enabled

Sending...
{
  "run_id": "a2c51f41",
  "date": "2026-09-30T18:43:41+00:00",
  "commit": "5085754",
  "rate": 1.0,
  "duration": 1560,
  "seed": 2730827585,
  "projected": {
    "orders": 1560,
    "lambda_invocations": 7332.0,
    "sqs_requests": 3952.0000000000005,
    "dsql_dpu": 390.0,
    "log_mb": 9.14004
  },
  "sent": 391,
  "stopped_early": true,
  "dropped_by_generator": 0,
  "outcomes": {
    "201": 390,
    "lambda_throttled": 1
  },
  "elapsed_seconds": 390.4,
  "achieved_rate": 1.001,
  "checkout_latency_ms": {
    "p50": 394.7,
    "p95": 469.2,
    "p99": 3460.0
  }
}
