Run 5f32fe33: 1.0/s for 1260s, seed 1597177395
  orders                   1,260
  Lambda invocations       5,922   month to date     37,199   cap 500,000
  SQS requests             3,192
  DSQL DPU                 315.0   month to date    1,911.5   cap 50,000
  log volume                 7.4 MB
  queue consumer      enabled

Sending...
{
  "run_id": "5f32fe33",
  "date": "2026-10-02T00:03:12+00:00",
  "commit": "5085754",
  "rate": 1.0,
  "duration": 1260,
  "seed": 1597177395,
  "projected": {
    "orders": 1260,
    "lambda_invocations": 5922.0,
    "sqs_requests": 3192.0,
    "dsql_dpu": 315.0,
    "log_mb": 7.38234
  },
  "sent": 307,
  "stopped_early": true,
  "dropped_by_generator": 0,
  "outcomes": {
    "201": 306,
    "lambda_throttled": 1
  },
  "elapsed_seconds": 306.5,
  "achieved_rate": 1.002,
  "checkout_latency_ms": {
    "p50": 380.6,
    "p95": 447.3,
    "p99": 3139.5
  }
}
