Run 88fd6ece: 1.0/s for 1260s, seed 2298310350
  orders                   1,260
  Lambda invocations       5,922   month to date     26,777   cap 500,000
  SQS requests             3,192
  DSQL DPU                 315.0   month to date    3,191.7   cap 50,000
  log volume                 7.4 MB
  queue consumer      enabled

Sending...
{
  "run_id": "88fd6ece",
  "date": "2026-09-23T20:09:37+00:00",
  "commit": "51b3252",
  "rate": 1.0,
  "duration": 1260,
  "seed": 2298310350,
  "projected": {
    "orders": 1260,
    "lambda_invocations": 5922.0,
    "sqs_requests": 3192.0,
    "dsql_dpu": 315.0,
    "log_mb": 7.38234
  },
  "sent": 1260,
  "dropped_by_generator": 0,
  "outcomes": {
    "201": 1139,
    "500": 121
  },
  "elapsed_seconds": 1259.5,
  "achieved_rate": 1.0,
  "checkout_latency_ms": {
    "p50": 392.6,
    "p95": 501.2,
    "p99": 613.4
  }
}
