Run 7d20abe6: 1.0/s for 1260s, seed 2099293158
  orders                   1,260
  Lambda invocations       5,922   month to date     56,017   cap 500,000
  SQS requests             3,192
  DSQL DPU                 315.0   month to date    2,891.0   cap 50,000
  log volume                 7.4 MB
  queue consumer      enabled

Sending...
{
  "run_id": "7d20abe6",
  "date": "2026-10-03T00:36:43+00:00",
  "commit": "5085754",
  "rate": 1.0,
  "duration": 1260,
  "seed": 2099293158,
  "projected": {
    "orders": 1260,
    "lambda_invocations": 5922.0,
    "sqs_requests": 3192.0,
    "dsql_dpu": 315.0,
    "log_mb": 7.38234
  },
  "sent": 336,
  "stopped_early": true,
  "dropped_by_generator": 0,
  "outcomes": {
    "201": 181,
    "500": 155
  },
  "elapsed_seconds": 335.9,
  "achieved_rate": 1.0,
  "checkout_latency_ms": {
    "p50": 367.6,
    "p95": 524.8,
    "p99": 3795.1
  }
}
