Run 6e394ef8: 1.0/s for 1560s, seed 1849249528
  orders                   1,560
  Lambda invocations       7,332   month to date     96,563   cap 500,000
  SQS requests             3,952
  DSQL DPU                 390.0   month to date    6,745.9   cap 50,000
  log volume                 9.1 MB
  queue consumer      enabled

Sending...
{
  "run_id": "6e394ef8",
  "date": "2026-09-27T10:13:33+00:00",
  "commit": "06d3c65",
  "rate": 1.0,
  "duration": 1560,
  "seed": 1849249528,
  "projected": {
    "orders": 1560,
    "lambda_invocations": 7332.0,
    "sqs_requests": 3952.0000000000005,
    "dsql_dpu": 390.0,
    "log_mb": 9.14004
  },
  "sent": 1560,
  "dropped_by_generator": 0,
  "outcomes": {
    "201": 1560
  },
  "elapsed_seconds": 1559.4,
  "achieved_rate": 1.0,
  "checkout_latency_ms": {
    "p50": 365.1,
    "p95": 448.1,
    "p99": 634.8
  }
}
