Run 57d55d64: 1.0/s for 1260s, seed 1473600868
  orders                   1,260
  Lambda invocations       5,922   month to date     10,158   cap 500,000
  SQS requests             3,192
  DSQL DPU                 315.0   month to date      505.3   cap 50,000
  log volume                 7.4 MB
  queue consumer      enabled

Sending...
{
  "run_id": "57d55d64",
  "date": "2026-10-01T10:20:19+00:00",
  "commit": "5641bb7",
  "rate": 1.0,
  "duration": 1260,
  "seed": 1473600868,
  "projected": {
    "orders": 1260,
    "lambda_invocations": 5922.0,
    "sqs_requests": 3192.0,
    "dsql_dpu": 315.0,
    "log_mb": 7.38234
  },
  "sent": 566,
  "stopped_early": true,
  "dropped_by_generator": 0,
  "outcomes": {
    "201": 566
  },
  "elapsed_seconds": 565.4,
  "achieved_rate": 1.001,
  "checkout_latency_ms": {
    "p50": 401.6,
    "p95": 552.1,
    "p99": 1695.3
  }
}
