Run 356e47de: 1.0/s for 1800s, seed 896419806
  orders                   1,800
  Lambda invocations       8,460   month to date     42,569   cap 500,000
  SQS requests             4,560
  DSQL DPU                 450.0   month to date    3,996.1   cap 50,000
  log volume                10.5 MB
  queue consumer      enabled

Sending...
{
  "run_id": "356e47de",
  "date": "2026-09-23T23:51:15+00:00",
  "commit": "51b3252",
  "rate": 1.0,
  "duration": 1800,
  "seed": 896419806,
  "projected": {
    "orders": 1800,
    "lambda_invocations": 8460.0,
    "sqs_requests": 4560.0,
    "dsql_dpu": 450.0,
    "log_mb": 10.5462
  },
  "sent": 1800,
  "dropped_by_generator": 0,
  "outcomes": {
    "201": 1800
  },
  "elapsed_seconds": 1799.5,
  "achieved_rate": 1.0,
  "checkout_latency_ms": {
    "p50": 389.1,
    "p95": 485.1,
    "p99": 614.3
  }
}
