Run 6bbd3677: 3.0/s for 300s, seed 1807562359
  orders                     900
  Lambda invocations       4,230   month to date    140,276   cap 500,000
  SQS requests             2,080
  DSQL DPU                 225.0   month to date    8,942.5   cap 50,000
  log volume                 5.3 MB
  queue consumer      enabled

Sending...
{
  "run_id": "6bbd3677",
  "date": "2026-09-30T23:53:40+00:00",
  "commit": "5641bb7",
  "rate": 3.0,
  "duration": 300,
  "seed": 1807562359,
  "projected": {
    "orders": 900,
    "lambda_invocations": 4230.0,
    "sqs_requests": 2080.0,
    "dsql_dpu": 225.0,
    "log_mb": 5.2731
  },
  "sent": 900,
  "stopped_early": false,
  "dropped_by_generator": 0,
  "outcomes": {
    "201": 900
  },
  "elapsed_seconds": 300.0,
  "achieved_rate": 3.0,
  "checkout_latency_ms": {
    "p50": 343.1,
    "p95": 406.1,
    "p99": 513.1
  }
}
