Run 2cc670e7: 1.0/s for 1260s, seed 751202535
  orders                   1,260
  Lambda invocations       5,922   month to date     70,444   cap 500,000
  SQS requests             3,192
  DSQL DPU                 315.0   month to date    5,471.4   cap 50,000
  log volume                 7.4 MB
  queue consumer      enabled

Sending...
{
  "run_id": "2cc670e7",
  "date": "2026-09-27T03:20:31+00:00",
  "commit": "06d3c65",
  "rate": 1.0,
  "duration": 1260,
  "seed": 751202535,
  "projected": {
    "orders": 1260,
    "lambda_invocations": 5922.0,
    "sqs_requests": 3192.0,
    "dsql_dpu": 315.0,
    "log_mb": 7.38234
  },
  "sent": 1260,
  "dropped_by_generator": 0,
  "outcomes": {
    "201": 1256,
    "500": 2,
    "lambda_throttled": 2
  },
  "elapsed_seconds": 1259.5,
  "achieved_rate": 1.0,
  "checkout_latency_ms": {
    "p50": 360.6,
    "p95": 437.4,
    "p99": 568.7
  }
}
