Run cb0b99e1: 1.0/s for 1380s, seed 3406535137
  orders                   1,380
  Lambda invocations       6,486   month to date          0   cap 500,000
  SQS requests             3,496
  DSQL DPU                 345.0   month to date        0.0   cap 50,000
  log volume                 8.1 MB
  queue consumer      enabled

Sending...
{
  "run_id": "cb0b99e1",
  "date": "2026-10-01T00:47:25+00:00",
  "commit": "5085754",
  "rate": 1.0,
  "duration": 1380,
  "seed": 3406535137,
  "projected": {
    "orders": 1380,
    "lambda_invocations": 6486.0,
    "sqs_requests": 3496.0000000000005,
    "dsql_dpu": 345.0,
    "log_mb": 8.08542
  },
  "sent": 346,
  "stopped_early": true,
  "dropped_by_generator": 0,
  "outcomes": {
    "201": 245,
    "500": 100,
    "lambda_throttled": 1
  },
  "elapsed_seconds": 345.7,
  "achieved_rate": 1.001,
  "checkout_latency_ms": {
    "p50": 373.2,
    "p95": 476.5,
    "p99": 4080.4
  }
}
