Run aa39d42c: 1.0/s for 1260s, seed 2855916588
  orders                   1,260
  Lambda invocations       5,922   month to date     25,777   cap 500,000
  SQS requests             3,192
  DSQL DPU                 315.0   month to date    1,300.0   cap 50,000
  log volume                 7.4 MB
  queue consumer      enabled

Sending...
{
  "run_id": "aa39d42c",
  "date": "2026-10-01T17:44:39+00:00",
  "commit": "5641bb7",
  "rate": 1.0,
  "duration": 1260,
  "seed": 2855916588,
  "projected": {
    "orders": 1260,
    "lambda_invocations": 5922.0,
    "sqs_requests": 3192.0,
    "dsql_dpu": 315.0,
    "log_mb": 7.38234
  },
  "sent": 258,
  "stopped_early": true,
  "dropped_by_generator": 0,
  "outcomes": {
    "201": 253,
    "500": 1,
    "lambda_throttled": 4
  },
  "elapsed_seconds": 257.4,
  "achieved_rate": 1.002,
  "checkout_latency_ms": {
    "p50": 428.8,
    "p95": 580.3,
    "p99": 3586.4
  }
}
