Run e7d469d9: 1.0/s for 1260s, seed 3889457625
  orders                   1,260
  Lambda invocations       5,922   month to date     54,743   cap 500,000
  SQS requests             3,192
  DSQL DPU                 315.0   month to date    2,827.1   cap 50,000
  log volume                 7.4 MB
  queue consumer      enabled

Sending...
{
  "run_id": "e7d469d9",
  "date": "2026-10-02T23:33:56+00:00",
  "commit": "5085754",
  "rate": 1.0,
  "duration": 1260,
  "seed": 3889457625,
  "projected": {
    "orders": 1260,
    "lambda_invocations": 5922.0,
    "sqs_requests": 3192.0,
    "dsql_dpu": 315.0,
    "log_mb": 7.38234
  },
  "sent": 268,
  "stopped_early": true,
  "dropped_by_generator": 0,
  "outcomes": {
    "201": 268
  },
  "elapsed_seconds": 267.4,
  "achieved_rate": 1.002,
  "checkout_latency_ms": {
    "p50": 366.7,
    "p95": 430.1,
    "p99": 3344.3
  }
}
