Run 1e0f002c: 3.0/s for 300s, seed 504299564
  orders                     900
  Lambda invocations       4,230   month to date     20,320   cap 500,000
  SQS requests             2,080
  DSQL DPU                 225.0   month to date    1,023.4   cap 50,000
  log volume                 5.3 MB
  queue consumer      enabled

Sending...
{
  "run_id": "1e0f002c",
  "date": "2026-10-01T15:45:58+00:00",
  "commit": "5085754",
  "rate": 3.0,
  "duration": 300,
  "seed": 504299564,
  "projected": {
    "orders": 900,
    "lambda_invocations": 4230.0,
    "sqs_requests": 2080.0,
    "dsql_dpu": 225.0,
    "log_mb": 5.2731
  },
  "sent": 900,
  "stopped_early": false,
  "dropped_by_generator": 0,
  "outcomes": {
    "201": 900
  },
  "elapsed_seconds": 300.1,
  "achieved_rate": 2.999,
  "checkout_latency_ms": {
    "p50": 368.8,
    "p95": 432.2,
    "p99": 627.4
  }
}
