Run 4fcfc4de: 1.0/s for 1260s, seed 1339016414
  orders                   1,260
  Lambda invocations       5,922   month to date    137,852   cap 500,000
  SQS requests             3,192
  DSQL DPU                 315.0   month to date    8,819.2   cap 50,000
  log volume                 7.4 MB
  queue consumer      enabled

Sending...
{
  "run_id": "4fcfc4de",
  "date": "2026-09-30T22:47:28+00:00",
  "commit": "5085754",
  "rate": 1.0,
  "duration": 1260,
  "seed": 1339016414,
  "projected": {
    "orders": 1260,
    "lambda_invocations": 5922.0,
    "sqs_requests": 3192.0,
    "dsql_dpu": 315.0,
    "log_mb": 7.38234
  },
  "sent": 309,
  "stopped_early": true,
  "dropped_by_generator": 0,
  "outcomes": {
    "201": 206,
    "500": 1,
    "lambda_throttled": 102
  },
  "elapsed_seconds": 308.5,
  "achieved_rate": 1.001,
  "checkout_latency_ms": {
    "p50": 408.1,
    "p95": 571.2,
    "p99": 3657.1
  }
}
