Run e1973bed: 1.0/s for 1260s, seed 3784784877
  orders                   1,260
  Lambda invocations       5,922   month to date    124,473   cap 500,000
  SQS requests             3,192
  DSQL DPU                 315.0   month to date    8,116.0   cap 50,000
  log volume                 7.4 MB
  queue consumer      enabled

Sending...
{
  "run_id": "e1973bed",
  "date": "2026-09-30T16:43:19+00:00",
  "commit": "5085754",
  "rate": 1.0,
  "duration": 1260,
  "seed": 3784784877,
  "projected": {
    "orders": 1260,
    "lambda_invocations": 5922.0,
    "sqs_requests": 3192.0,
    "dsql_dpu": 315.0,
    "log_mb": 7.38234
  },
  "sent": 318,
  "stopped_early": true,
  "dropped_by_generator": 0,
  "outcomes": {
    "201": 179,
    "500": 138,
    "lambda_throttled": 1
  },
  "elapsed_seconds": 318.1,
  "achieved_rate": 1.0,
  "checkout_latency_ms": {
    "p50": 397.2,
    "p95": 583.8,
    "p99": 3958.9
  }
}
