Run bd3715cf: 1.0/s for 1380s, seed 3174503887
  orders                   1,380
  Lambda invocations       6,486   month to date     41,008   cap 500,000
  SQS requests             3,496
  DSQL DPU                 345.0   month to date    2,112.4   cap 50,000
  log volume                 8.1 MB
  queue consumer      enabled

Sending...
{
  "run_id": "bd3715cf",
  "date": "2026-10-02T02:08:38+00:00",
  "commit": "5085754",
  "rate": 1.0,
  "duration": 1380,
  "seed": 3174503887,
  "projected": {
    "orders": 1380,
    "lambda_invocations": 6486.0,
    "sqs_requests": 3496.0000000000005,
    "dsql_dpu": 345.0,
    "log_mb": 8.08542
  },
  "sent": 379,
  "stopped_early": true,
  "dropped_by_generator": 0,
  "outcomes": {
    "201": 244,
    "500": 134,
    "lambda_throttled": 1
  },
  "elapsed_seconds": 378.8,
  "achieved_rate": 1.001,
  "checkout_latency_ms": {
    "p50": 436.9,
    "p95": 526.7,
    "p99": 3372.2
  }
}
